ZFS. Задание 2. Список команд.

[root@otusraid vagrant]# zpool import -d zpoolexport/
   pool: otus
     id: 6554193320433390805
  state: ONLINE
 action: The pool can be imported using its name or numeric identifier.
 config:

	otus                                 ONLINE
	  mirror-0                           ONLINE
	    /home/vagrant/zpoolexport/filea  ONLINE
	    /home/vagrant/zpoolexport/fileb  ONLINE
[root@otusraid vagrant]# 
[root@otusraid vagrant]# 
[root@otusraid vagrant]# zpool import -d zpoolexport/ otus
[root@otusraid vagrant]# zpool status
  pool: mypool
 state: ONLINE
  scan: none requested
config:

	NAME        STATE     READ WRITE CKSUM
	mypool      ONLINE       0     0     0
	  mirror-0  ONLINE       0     0     0
	    sdb     ONLINE       0     0     0
	    sdc     ONLINE       0     0     0

errors: No known data errors

  pool: otus
 state: ONLINE
  scan: none requested
config:

	NAME                                 STATE     READ WRITE CKSUM
	otus                                 ONLINE       0     0     0
	  mirror-0                           ONLINE       0     0     0
	    /home/vagrant/zpoolexport/filea  ONLINE       0     0     0
	    /home/vagrant/zpoolexport/fileb  ONLINE       0     0     0

errors: No known data errors
[root@otusraid vagrant]#

[root@otusraid vagrant]# zpool get all otus
NAME  PROPERTY                       VALUE                          SOURCE
otus  size                           480M                           -
otus  capacity                       0%                             -
otus  altroot                        -                              default
otus  health                         ONLINE                         -
otus  guid                           6554193320433390805            -
otus  version                        -                              default
otus  bootfs                         -                              default
otus  delegation                     on                             default
otus  autoreplace                    off                            default
otus  cachefile                      -                              default
otus  failmode                       wait                           default
otus  listsnapshots                  off                            default
otus  autoexpand                     off                            default
otus  dedupditto                     0                              default
otus  dedupratio                     1.00x                          -
otus  free                           478M                           -
otus  allocated                      2.09M                          -
otus  readonly                       off                            -
otus  ashift                         0                              default
otus  comment                        -                              default
otus  expandsize                     -                              -
otus  freeing                        0                              -
otus  fragmentation                  0%                             -
otus  leaked                         0                              -
otus  multihost                      off                            default
otus  checkpoint                     -                              -
otus  load_guid                      7372204218820282927            -
otus  autotrim                       off                            default
otus  feature@async_destroy          enabled                        local
otus  feature@empty_bpobj            active                         local
otus  feature@lz4_compress           active                         local
otus  feature@multi_vdev_crash_dump  enabled                        local
otus  feature@spacemap_histogram     active                         local
otus  feature@enabled_txg            active                         local
otus  feature@hole_birth             active                         local
otus  feature@extensible_dataset     active                         local
otus  feature@embedded_data          active                         local
otus  feature@bookmarks              enabled                        local
otus  feature@filesystem_limits      enabled                        local
otus  feature@large_blocks           enabled                        local
otus  feature@large_dnode            enabled                        local
otus  feature@sha512                 enabled                        local
otus  feature@skein                  enabled                        local
otus  feature@edonr                  enabled                        local
otus  feature@userobj_accounting     active                         local
otus  feature@encryption             enabled                        local
otus  feature@project_quota          active                         local
otus  feature@device_removal         enabled                        local
otus  feature@obsolete_counts        enabled                        local
otus  feature@zpool_checkpoint       enabled                        local
otus  feature@spacemap_v2            active                         local
otus  feature@allocation_classes     enabled                        local
otus  feature@resilver_defer         enabled                        local
otus  feature@bookmark_v2            enabled                        local


[root@otusraid vagrant]# zfs get compression,compressratio otus
NAME  PROPERTY       VALUE     SOURCE
otus  compression    zle       local
otus  compressratio  1.00x     -

[root@otusraid vagrant]# zfs get recordsize otus
NAME  PROPERTY    VALUE    SOURCE
otus  recordsize  128K     local


